<testsuites id="" name="" tests="35" failures="15" skipped="0" errors="0" time="57.879639">
<testsuite name="stripe-webhooks.spec.ts" timestamp="2025-12-11T14:38:40.730Z" hostname="chromium" tests="7" failures="3" skipped="0" time="10.376" errors="0">
<testcase name="Stripe Webhook Infrastructure › webhook endpoint exists and responds" classname="stripe-webhooks.spec.ts" time="6.426">
</testcase>
<testcase name="Stripe Webhook Infrastructure › webhook reconciliation endpoint exists" classname="stripe-webhooks.spec.ts" time="1.293">
<failure message="stripe-webhooks.spec.ts:21:7 webhook reconciliation endpoint exists" type="FAILURE">
<![CDATA[  [chromium] › stripe-webhooks.spec.ts:21:7 › Stripe Webhook Infrastructure › webhook reconciliation endpoint exists 

    Error: expect(received).toContain(expected) // indexOf

    Expected value: 400
    Received array: [200, 401, 403, 500]

      30 |
      31 |     // Should respond (may require proper auth in production)
    > 32 |     expect([200, 401, 403, 500]).toContain(response.status());
         |                                  ^
      33 |   });
      34 |
      35 |   test("checkout session endpoint exists", async ({ request }) => {
        at /Users/amaan/Downloads/servio-mvp-cleaned/__tests__/e2e/stripe-webhooks.spec.ts:32:34

    Retry #1 ───────────────────────────────────────────────────────────────────────────────────────

    Error: expect(received).toContain(expected) // indexOf

    Expected value: 400
    Received array: [200, 401, 403, 500]

      30 |
      31 |     // Should respond (may require proper auth in production)
    > 32 |     expect([200, 401, 403, 500]).toContain(response.status());
         |                                  ^
      33 |   });
      34 |
      35 |   test("checkout session endpoint exists", async ({ request }) => {
        at /Users/amaan/Downloads/servio-mvp-cleaned/__tests__/e2e/stripe-webhooks.spec.ts:32:34

    attachment #1: trace (application/zip) ─────────────────────────────────────────────────────────
    ../../test-results/stripe-webhooks-Stripe-Web-dd1c9-onciliation-endpoint-exists-chromium-retry1/trace.zip
    Usage:

        pnpm exec playwright show-trace ../../test-results/stripe-webhooks-Stripe-Web-dd1c9-onciliation-endpoint-exists-chromium-retry1/trace.zip

    ────────────────────────────────────────────────────────────────────────────────────────────────

    Retry #2 ───────────────────────────────────────────────────────────────────────────────────────

    Error: expect(received).toContain(expected) // indexOf

    Expected value: 400
    Received array: [200, 401, 403, 500]

      30 |
      31 |     // Should respond (may require proper auth in production)
    > 32 |     expect([200, 401, 403, 500]).toContain(response.status());
         |                                  ^
      33 |   });
      34 |
      35 |   test("checkout session endpoint exists", async ({ request }) => {
        at /Users/amaan/Downloads/servio-mvp-cleaned/__tests__/e2e/stripe-webhooks.spec.ts:32:34
]]>
</failure>
<system-out>
<![CDATA[
[[ATTACHMENT|stripe-webhooks-Stripe-Web-dd1c9-onciliation-endpoint-exists-chromium-retry1/trace.zip]]
]]>
</system-out>
</testcase>
<testcase name="Stripe Webhook Infrastructure › checkout session endpoint exists" classname="stripe-webhooks.spec.ts" time="1.17">
</testcase>
<testcase name="Stripe Webhook Infrastructure › create checkout session endpoint exists" classname="stripe-webhooks.spec.ts" time="1.432">
</testcase>
<testcase name="Stripe Webhook Infrastructure › webhook events are stored in database" classname="stripe-webhooks.spec.ts" time="0.046">
</testcase>
<testcase name="Payment Flow Integration › customer payment flow works end-to-end" classname="stripe-webhooks.spec.ts" time="0.004">
<failure message="stripe-webhooks.spec.ts:85:7 customer payment flow works end-to-end" type="FAILURE">
<![CDATA[  [chromium] › stripe-webhooks.spec.ts:85:7 › Payment Flow Integration › customer payment flow works end-to-end 

    Error: browserType.launch: Executable doesn't exist at /Users/amaan/Library/Caches/ms-playwright/chromium_headless_shell-1194/chrome-mac/headless_shell
    ╔═════════════════════════════════════════════════════════════════════════╗
    ║ Looks like Playwright Test or Playwright was just installed or updated. ║
    ║ Please run the following command to download new browsers:              ║
    ║                                                                         ║
    ║     pnpm exec playwright install                                        ║
    ║                                                                         ║
    ║ <3 Playwright Team                                                      ║
    ╚═════════════════════════════════════════════════════════════════════════╝

    Retry #1 ───────────────────────────────────────────────────────────────────────────────────────

    Error: browserType.launch: Executable doesn't exist at /Users/amaan/Library/Caches/ms-playwright/chromium_headless_shell-1194/chrome-mac/headless_shell
    ╔═════════════════════════════════════════════════════════════════════════╗
    ║ Looks like Playwright Test or Playwright was just installed or updated. ║
    ║ Please run the following command to download new browsers:              ║
    ║                                                                         ║
    ║     pnpm exec playwright install                                        ║
    ║                                                                         ║
    ║ <3 Playwright Team                                                      ║
    ╚═════════════════════════════════════════════════════════════════════════╝

    attachment #1: trace (application/zip) ─────────────────────────────────────────────────────────
    ../../test-results/stripe-webhooks-Payment-Fl-21173-yment-flow-works-end-to-end-chromium-retry1/trace.zip
    Usage:

        pnpm exec playwright show-trace ../../test-results/stripe-webhooks-Payment-Fl-21173-yment-flow-works-end-to-end-chromium-retry1/trace.zip

    ────────────────────────────────────────────────────────────────────────────────────────────────

    Retry #2 ───────────────────────────────────────────────────────────────────────────────────────

    Error: browserType.launch: Executable doesn't exist at /Users/amaan/Library/Caches/ms-playwright/chromium_headless_shell-1194/chrome-mac/headless_shell
    ╔═════════════════════════════════════════════════════════════════════════╗
    ║ Looks like Playwright Test or Playwright was just installed or updated. ║
    ║ Please run the following command to download new browsers:              ║
    ║                                                                         ║
    ║     pnpm exec playwright install                                        ║
    ║                                                                         ║
    ║ <3 Playwright Team                                                      ║
    ╚═════════════════════════════════════════════════════════════════════════╝
]]>
</failure>
<system-out>
<![CDATA[
[[ATTACHMENT|stripe-webhooks-Payment-Fl-21173-yment-flow-works-end-to-end-chromium-retry1/trace.zip]]
]]>
</system-out>
</testcase>
<testcase name="Payment Flow Integration › dashboard shows payment status correctly" classname="stripe-webhooks.spec.ts" time="0.005">
<failure message="stripe-webhooks.spec.ts:100:7 dashboard shows payment status correctly" type="FAILURE">
<![CDATA[  [chromium] › stripe-webhooks.spec.ts:100:7 › Payment Flow Integration › dashboard shows payment status correctly 

    Error: browserType.launch: Executable doesn't exist at /Users/amaan/Library/Caches/ms-playwright/chromium_headless_shell-1194/chrome-mac/headless_shell
    ╔═════════════════════════════════════════════════════════════════════════╗
    ║ Looks like Playwright Test or Playwright was just installed or updated. ║
    ║ Please run the following command to download new browsers:              ║
    ║                                                                         ║
    ║     pnpm exec playwright install                                        ║
    ║                                                                         ║
    ║ <3 Playwright Team                                                      ║
    ╚═════════════════════════════════════════════════════════════════════════╝

    Retry #1 ───────────────────────────────────────────────────────────────────────────────────────

    Error: browserType.launch: Executable doesn't exist at /Users/amaan/Library/Caches/ms-playwright/chromium_headless_shell-1194/chrome-mac/headless_shell
    ╔═════════════════════════════════════════════════════════════════════════╗
    ║ Looks like Playwright Test or Playwright was just installed or updated. ║
    ║ Please run the following command to download new browsers:              ║
    ║                                                                         ║
    ║     pnpm exec playwright install                                        ║
    ║                                                                         ║
    ║ <3 Playwright Team                                                      ║
    ╚═════════════════════════════════════════════════════════════════════════╝

    attachment #1: trace (application/zip) ─────────────────────────────────────────────────────────
    ../../test-results/stripe-webhooks-Payment-Fl-faaea-ws-payment-status-correctly-chromium-retry1/trace.zip
    Usage:

        pnpm exec playwright show-trace ../../test-results/stripe-webhooks-Payment-Fl-faaea-ws-payment-status-correctly-chromium-retry1/trace.zip

    ────────────────────────────────────────────────────────────────────────────────────────────────

    Retry #2 ───────────────────────────────────────────────────────────────────────────────────────

    Error: browserType.launch: Executable doesn't exist at /Users/amaan/Library/Caches/ms-playwright/chromium_headless_shell-1194/chrome-mac/headless_shell
    ╔═════════════════════════════════════════════════════════════════════════╗
    ║ Looks like Playwright Test or Playwright was just installed or updated. ║
    ║ Please run the following command to download new browsers:              ║
    ║                                                                         ║
    ║     pnpm exec playwright install                                        ║
    ║                                                                         ║
    ║ <3 Playwright Team                                                      ║
    ╚═════════════════════════════════════════════════════════════════════════╝
]]>
</failure>
<system-out>
<![CDATA[
[[ATTACHMENT|stripe-webhooks-Payment-Fl-faaea-ws-payment-status-correctly-chromium-retry1/trace.zip]]
]]>
</system-out>
</testcase>
</testsuite>
<testsuite name="stripe-webhooks.spec.ts" timestamp="2025-12-11T14:38:40.730Z" hostname="firefox" tests="7" failures="3" skipped="0" time="1.629" errors="0">
<testcase name="Stripe Webhook Infrastructure › webhook endpoint exists and responds" classname="stripe-webhooks.spec.ts" time="0.051">
</testcase>
<testcase name="Stripe Webhook Infrastructure › webhook reconciliation endpoint exists" classname="stripe-webhooks.spec.ts" time="0.36">
<failure message="stripe-webhooks.spec.ts:21:7 webhook reconciliation endpoint exists" type="FAILURE">
<![CDATA[  [firefox] › stripe-webhooks.spec.ts:21:7 › Stripe Webhook Infrastructure › webhook reconciliation endpoint exists 

    Error: expect(received).toContain(expected) // indexOf

    Expected value: 400
    Received array: [200, 401, 403, 500]

      30 |
      31 |     // Should respond (may require proper auth in production)
    > 32 |     expect([200, 401, 403, 500]).toContain(response.status());
         |                                  ^
      33 |   });
      34 |
      35 |   test("checkout session endpoint exists", async ({ request }) => {
        at /Users/amaan/Downloads/servio-mvp-cleaned/__tests__/e2e/stripe-webhooks.spec.ts:32:34

    Retry #1 ───────────────────────────────────────────────────────────────────────────────────────

    Error: expect(received).toContain(expected) // indexOf

    Expected value: 400
    Received array: [200, 401, 403, 500]

      30 |
      31 |     // Should respond (may require proper auth in production)
    > 32 |     expect([200, 401, 403, 500]).toContain(response.status());
         |                                  ^
      33 |   });
      34 |
      35 |   test("checkout session endpoint exists", async ({ request }) => {
        at /Users/amaan/Downloads/servio-mvp-cleaned/__tests__/e2e/stripe-webhooks.spec.ts:32:34

    attachment #1: trace (application/zip) ─────────────────────────────────────────────────────────
    ../../test-results/stripe-webhooks-Stripe-Web-dd1c9-onciliation-endpoint-exists-firefox-retry1/trace.zip
    Usage:

        pnpm exec playwright show-trace ../../test-results/stripe-webhooks-Stripe-Web-dd1c9-onciliation-endpoint-exists-firefox-retry1/trace.zip

    ────────────────────────────────────────────────────────────────────────────────────────────────

    Retry #2 ───────────────────────────────────────────────────────────────────────────────────────

    Error: expect(received).toContain(expected) // indexOf

    Expected value: 400
    Received array: [200, 401, 403, 500]

      30 |
      31 |     // Should respond (may require proper auth in production)
    > 32 |     expect([200, 401, 403, 500]).toContain(response.status());
         |                                  ^
      33 |   });
      34 |
      35 |   test("checkout session endpoint exists", async ({ request }) => {
        at /Users/amaan/Downloads/servio-mvp-cleaned/__tests__/e2e/stripe-webhooks.spec.ts:32:34
]]>
</failure>
<system-out>
<![CDATA[
[[ATTACHMENT|stripe-webhooks-Stripe-Web-dd1c9-onciliation-endpoint-exists-firefox-retry1/trace.zip]]
]]>
</system-out>
</testcase>
<testcase name="Stripe Webhook Infrastructure › checkout session endpoint exists" classname="stripe-webhooks.spec.ts" time="0.28">
</testcase>
<testcase name="Stripe Webhook Infrastructure › create checkout session endpoint exists" classname="stripe-webhooks.spec.ts" time="0.864">
</testcase>
<testcase name="Stripe Webhook Infrastructure › webhook events are stored in database" classname="stripe-webhooks.spec.ts" time="0.067">
</testcase>
<testcase name="Payment Flow Integration › customer payment flow works end-to-end" classname="stripe-webhooks.spec.ts" time="0.003">
<failure message="stripe-webhooks.spec.ts:85:7 customer payment flow works end-to-end" type="FAILURE">
<![CDATA[  [firefox] › stripe-webhooks.spec.ts:85:7 › Payment Flow Integration › customer payment flow works end-to-end 

    Error: browserType.launch: Executable doesn't exist at /Users/amaan/Library/Caches/ms-playwright/firefox-1495/firefox/Nightly.app/Contents/MacOS/firefox
    ╔═════════════════════════════════════════════════════════════════════════╗
    ║ Looks like Playwright Test or Playwright was just installed or updated. ║
    ║ Please run the following command to download new browsers:              ║
    ║                                                                         ║
    ║     pnpm exec playwright install                                        ║
    ║                                                                         ║
    ║ <3 Playwright Team                                                      ║
    ╚═════════════════════════════════════════════════════════════════════════╝

    Retry #1 ───────────────────────────────────────────────────────────────────────────────────────

    Error: browserType.launch: Executable doesn't exist at /Users/amaan/Library/Caches/ms-playwright/firefox-1495/firefox/Nightly.app/Contents/MacOS/firefox
    ╔═════════════════════════════════════════════════════════════════════════╗
    ║ Looks like Playwright Test or Playwright was just installed or updated. ║
    ║ Please run the following command to download new browsers:              ║
    ║                                                                         ║
    ║     pnpm exec playwright install                                        ║
    ║                                                                         ║
    ║ <3 Playwright Team                                                      ║
    ╚═════════════════════════════════════════════════════════════════════════╝

    attachment #1: trace (application/zip) ─────────────────────────────────────────────────────────
    ../../test-results/stripe-webhooks-Payment-Fl-21173-yment-flow-works-end-to-end-firefox-retry1/trace.zip
    Usage:

        pnpm exec playwright show-trace ../../test-results/stripe-webhooks-Payment-Fl-21173-yment-flow-works-end-to-end-firefox-retry1/trace.zip

    ────────────────────────────────────────────────────────────────────────────────────────────────

    Retry #2 ───────────────────────────────────────────────────────────────────────────────────────

    Error: browserType.launch: Executable doesn't exist at /Users/amaan/Library/Caches/ms-playwright/firefox-1495/firefox/Nightly.app/Contents/MacOS/firefox
    ╔═════════════════════════════════════════════════════════════════════════╗
    ║ Looks like Playwright Test or Playwright was just installed or updated. ║
    ║ Please run the following command to download new browsers:              ║
    ║                                                                         ║
    ║     pnpm exec playwright install                                        ║
    ║                                                                         ║
    ║ <3 Playwright Team                                                      ║
    ╚═════════════════════════════════════════════════════════════════════════╝
]]>
</failure>
<system-out>
<![CDATA[
[[ATTACHMENT|stripe-webhooks-Payment-Fl-21173-yment-flow-works-end-to-end-firefox-retry1/trace.zip]]
]]>
</system-out>
</testcase>
<testcase name="Payment Flow Integration › dashboard shows payment status correctly" classname="stripe-webhooks.spec.ts" time="0.004">
<failure message="stripe-webhooks.spec.ts:100:7 dashboard shows payment status correctly" type="FAILURE">
<![CDATA[  [firefox] › stripe-webhooks.spec.ts:100:7 › Payment Flow Integration › dashboard shows payment status correctly 

    Error: browserType.launch: Executable doesn't exist at /Users/amaan/Library/Caches/ms-playwright/firefox-1495/firefox/Nightly.app/Contents/MacOS/firefox
    ╔═════════════════════════════════════════════════════════════════════════╗
    ║ Looks like Playwright Test or Playwright was just installed or updated. ║
    ║ Please run the following command to download new browsers:              ║
    ║                                                                         ║
    ║     pnpm exec playwright install                                        ║
    ║                                                                         ║
    ║ <3 Playwright Team                                                      ║
    ╚═════════════════════════════════════════════════════════════════════════╝

    Retry #1 ───────────────────────────────────────────────────────────────────────────────────────

    Error: browserType.launch: Executable doesn't exist at /Users/amaan/Library/Caches/ms-playwright/firefox-1495/firefox/Nightly.app/Contents/MacOS/firefox
    ╔═════════════════════════════════════════════════════════════════════════╗
    ║ Looks like Playwright Test or Playwright was just installed or updated. ║
    ║ Please run the following command to download new browsers:              ║
    ║                                                                         ║
    ║     pnpm exec playwright install                                        ║
    ║                                                                         ║
    ║ <3 Playwright Team                                                      ║
    ╚═════════════════════════════════════════════════════════════════════════╝

    attachment #1: trace (application/zip) ─────────────────────────────────────────────────────────
    ../../test-results/stripe-webhooks-Payment-Fl-faaea-ws-payment-status-correctly-firefox-retry1/trace.zip
    Usage:

        pnpm exec playwright show-trace ../../test-results/stripe-webhooks-Payment-Fl-faaea-ws-payment-status-correctly-firefox-retry1/trace.zip

    ────────────────────────────────────────────────────────────────────────────────────────────────

    Retry #2 ───────────────────────────────────────────────────────────────────────────────────────

    Error: browserType.launch: Executable doesn't exist at /Users/amaan/Library/Caches/ms-playwright/firefox-1495/firefox/Nightly.app/Contents/MacOS/firefox
    ╔═════════════════════════════════════════════════════════════════════════╗
    ║ Looks like Playwright Test or Playwright was just installed or updated. ║
    ║ Please run the following command to download new browsers:              ║
    ║                                                                         ║
    ║     pnpm exec playwright install                                        ║
    ║                                                                         ║
    ║ <3 Playwright Team                                                      ║
    ╚═════════════════════════════════════════════════════════════════════════╝
]]>
</failure>
<system-out>
<![CDATA[
[[ATTACHMENT|stripe-webhooks-Payment-Fl-faaea-ws-payment-status-correctly-firefox-retry1/trace.zip]]
]]>
</system-out>
</testcase>
</testsuite>
<testsuite name="stripe-webhooks.spec.ts" timestamp="2025-12-11T14:38:40.730Z" hostname="webkit" tests="7" failures="3" skipped="0" time="1.849" errors="0">
<testcase name="Stripe Webhook Infrastructure › webhook endpoint exists and responds" classname="stripe-webhooks.spec.ts" time="0.072">
</testcase>
<testcase name="Stripe Webhook Infrastructure › webhook reconciliation endpoint exists" classname="stripe-webhooks.spec.ts" time="0.517">
<failure message="stripe-webhooks.spec.ts:21:7 webhook reconciliation endpoint exists" type="FAILURE">
<![CDATA[  [webkit] › stripe-webhooks.spec.ts:21:7 › Stripe Webhook Infrastructure › webhook reconciliation endpoint exists 

    Error: expect(received).toContain(expected) // indexOf

    Expected value: 400
    Received array: [200, 401, 403, 500]

      30 |
      31 |     // Should respond (may require proper auth in production)
    > 32 |     expect([200, 401, 403, 500]).toContain(response.status());
         |                                  ^
      33 |   });
      34 |
      35 |   test("checkout session endpoint exists", async ({ request }) => {
        at /Users/amaan/Downloads/servio-mvp-cleaned/__tests__/e2e/stripe-webhooks.spec.ts:32:34

    Retry #1 ───────────────────────────────────────────────────────────────────────────────────────

    Error: expect(received).toContain(expected) // indexOf

    Expected value: 400
    Received array: [200, 401, 403, 500]

      30 |
      31 |     // Should respond (may require proper auth in production)
    > 32 |     expect([200, 401, 403, 500]).toContain(response.status());
         |                                  ^
      33 |   });
      34 |
      35 |   test("checkout session endpoint exists", async ({ request }) => {
        at /Users/amaan/Downloads/servio-mvp-cleaned/__tests__/e2e/stripe-webhooks.spec.ts:32:34

    attachment #1: trace (application/zip) ─────────────────────────────────────────────────────────
    ../../test-results/stripe-webhooks-Stripe-Web-dd1c9-onciliation-endpoint-exists-webkit-retry1/trace.zip
    Usage:

        pnpm exec playwright show-trace ../../test-results/stripe-webhooks-Stripe-Web-dd1c9-onciliation-endpoint-exists-webkit-retry1/trace.zip

    ────────────────────────────────────────────────────────────────────────────────────────────────

    Retry #2 ───────────────────────────────────────────────────────────────────────────────────────

    Error: expect(received).toContain(expected) // indexOf

    Expected value: 400
    Received array: [200, 401, 403, 500]

      30 |
      31 |     // Should respond (may require proper auth in production)
    > 32 |     expect([200, 401, 403, 500]).toContain(response.status());
         |                                  ^
      33 |   });
      34 |
      35 |   test("checkout session endpoint exists", async ({ request }) => {
        at /Users/amaan/Downloads/servio-mvp-cleaned/__tests__/e2e/stripe-webhooks.spec.ts:32:34
]]>
</failure>
<system-out>
<![CDATA[
[[ATTACHMENT|stripe-webhooks-Stripe-Web-dd1c9-onciliation-endpoint-exists-webkit-retry1/trace.zip]]
]]>
</system-out>
</testcase>
<testcase name="Stripe Webhook Infrastructure › checkout session endpoint exists" classname="stripe-webhooks.spec.ts" time="0.281">
</testcase>
<testcase name="Stripe Webhook Infrastructure › create checkout session endpoint exists" classname="stripe-webhooks.spec.ts" time="0.914">
</testcase>
<testcase name="Stripe Webhook Infrastructure › webhook events are stored in database" classname="stripe-webhooks.spec.ts" time="0.055">
</testcase>
<testcase name="Payment Flow Integration › customer payment flow works end-to-end" classname="stripe-webhooks.spec.ts" time="0.002">
<failure message="stripe-webhooks.spec.ts:85:7 customer payment flow works end-to-end" type="FAILURE">
<![CDATA[  [webkit] › stripe-webhooks.spec.ts:85:7 › Payment Flow Integration › customer payment flow works end-to-end 

    Error: browserType.launch: Executable doesn't exist at /Users/amaan/Library/Caches/ms-playwright/webkit-2215/pw_run.sh
    ╔═════════════════════════════════════════════════════════════════════════╗
    ║ Looks like Playwright Test or Playwright was just installed or updated. ║
    ║ Please run the following command to download new browsers:              ║
    ║                                                                         ║
    ║     pnpm exec playwright install                                        ║
    ║                                                                         ║
    ║ <3 Playwright Team                                                      ║
    ╚═════════════════════════════════════════════════════════════════════════╝

    Retry #1 ───────────────────────────────────────────────────────────────────────────────────────

    Error: browserType.launch: Executable doesn't exist at /Users/amaan/Library/Caches/ms-playwright/webkit-2215/pw_run.sh
    ╔═════════════════════════════════════════════════════════════════════════╗
    ║ Looks like Playwright Test or Playwright was just installed or updated. ║
    ║ Please run the following command to download new browsers:              ║
    ║                                                                         ║
    ║     pnpm exec playwright install                                        ║
    ║                                                                         ║
    ║ <3 Playwright Team                                                      ║
    ╚═════════════════════════════════════════════════════════════════════════╝

    attachment #1: trace (application/zip) ─────────────────────────────────────────────────────────
    ../../test-results/stripe-webhooks-Payment-Fl-21173-yment-flow-works-end-to-end-webkit-retry1/trace.zip
    Usage:

        pnpm exec playwright show-trace ../../test-results/stripe-webhooks-Payment-Fl-21173-yment-flow-works-end-to-end-webkit-retry1/trace.zip

    ────────────────────────────────────────────────────────────────────────────────────────────────

    Retry #2 ───────────────────────────────────────────────────────────────────────────────────────

    Error: browserType.launch: Executable doesn't exist at /Users/amaan/Library/Caches/ms-playwright/webkit-2215/pw_run.sh
    ╔═════════════════════════════════════════════════════════════════════════╗
    ║ Looks like Playwright Test or Playwright was just installed or updated. ║
    ║ Please run the following command to download new browsers:              ║
    ║                                                                         ║
    ║     pnpm exec playwright install                                        ║
    ║                                                                         ║
    ║ <3 Playwright Team                                                      ║
    ╚═════════════════════════════════════════════════════════════════════════╝
]]>
</failure>
<system-out>
<![CDATA[
[[ATTACHMENT|stripe-webhooks-Payment-Fl-21173-yment-flow-works-end-to-end-webkit-retry1/trace.zip]]
]]>
</system-out>
</testcase>
<testcase name="Payment Flow Integration › dashboard shows payment status correctly" classname="stripe-webhooks.spec.ts" time="0.008">
<failure message="stripe-webhooks.spec.ts:100:7 dashboard shows payment status correctly" type="FAILURE">
<![CDATA[  [webkit] › stripe-webhooks.spec.ts:100:7 › Payment Flow Integration › dashboard shows payment status correctly 

    Error: browserType.launch: Executable doesn't exist at /Users/amaan/Library/Caches/ms-playwright/webkit-2215/pw_run.sh
    ╔═════════════════════════════════════════════════════════════════════════╗
    ║ Looks like Playwright Test or Playwright was just installed or updated. ║
    ║ Please run the following command to download new browsers:              ║
    ║                                                                         ║
    ║     pnpm exec playwright install                                        ║
    ║                                                                         ║
    ║ <3 Playwright Team                                                      ║
    ╚═════════════════════════════════════════════════════════════════════════╝

    Retry #1 ───────────────────────────────────────────────────────────────────────────────────────

    Error: browserType.launch: Executable doesn't exist at /Users/amaan/Library/Caches/ms-playwright/webkit-2215/pw_run.sh
    ╔═════════════════════════════════════════════════════════════════════════╗
    ║ Looks like Playwright Test or Playwright was just installed or updated. ║
    ║ Please run the following command to download new browsers:              ║
    ║                                                                         ║
    ║     pnpm exec playwright install                                        ║
    ║                                                                         ║
    ║ <3 Playwright Team                                                      ║
    ╚═════════════════════════════════════════════════════════════════════════╝

    attachment #1: trace (application/zip) ─────────────────────────────────────────────────────────
    ../../test-results/stripe-webhooks-Payment-Fl-faaea-ws-payment-status-correctly-webkit-retry1/trace.zip
    Usage:

        pnpm exec playwright show-trace ../../test-results/stripe-webhooks-Payment-Fl-faaea-ws-payment-status-correctly-webkit-retry1/trace.zip

    ────────────────────────────────────────────────────────────────────────────────────────────────

    Retry #2 ───────────────────────────────────────────────────────────────────────────────────────

    Error: browserType.launch: Executable doesn't exist at /Users/amaan/Library/Caches/ms-playwright/webkit-2215/pw_run.sh
    ╔═════════════════════════════════════════════════════════════════════════╗
    ║ Looks like Playwright Test or Playwright was just installed or updated. ║
    ║ Please run the following command to download new browsers:              ║
    ║                                                                         ║
    ║     pnpm exec playwright install                                        ║
    ║                                                                         ║
    ║ <3 Playwright Team                                                      ║
    ╚═════════════════════════════════════════════════════════════════════════╝
]]>
</failure>
<system-out>
<![CDATA[
[[ATTACHMENT|stripe-webhooks-Payment-Fl-faaea-ws-payment-status-correctly-webkit-retry1/trace.zip]]
]]>
</system-out>
</testcase>
</testsuite>
<testsuite name="stripe-webhooks.spec.ts" timestamp="2025-12-11T14:38:40.730Z" hostname="Mobile Chrome" tests="7" failures="3" skipped="0" time="1.622" errors="0">
<testcase name="Stripe Webhook Infrastructure › webhook endpoint exists and responds" classname="stripe-webhooks.spec.ts" time="0.058">
</testcase>
<testcase name="Stripe Webhook Infrastructure › webhook reconciliation endpoint exists" classname="stripe-webhooks.spec.ts" time="0.344">
<failure message="stripe-webhooks.spec.ts:21:7 webhook reconciliation endpoint exists" type="FAILURE">
<![CDATA[  [Mobile Chrome] › stripe-webhooks.spec.ts:21:7 › Stripe Webhook Infrastructure › webhook reconciliation endpoint exists 

    Error: expect(received).toContain(expected) // indexOf

    Expected value: 400
    Received array: [200, 401, 403, 500]

      30 |
      31 |     // Should respond (may require proper auth in production)
    > 32 |     expect([200, 401, 403, 500]).toContain(response.status());
         |                                  ^
      33 |   });
      34 |
      35 |   test("checkout session endpoint exists", async ({ request }) => {
        at /Users/amaan/Downloads/servio-mvp-cleaned/__tests__/e2e/stripe-webhooks.spec.ts:32:34

    Retry #1 ───────────────────────────────────────────────────────────────────────────────────────

    Error: expect(received).toContain(expected) // indexOf

    Expected value: 400
    Received array: [200, 401, 403, 500]

      30 |
      31 |     // Should respond (may require proper auth in production)
    > 32 |     expect([200, 401, 403, 500]).toContain(response.status());
         |                                  ^
      33 |   });
      34 |
      35 |   test("checkout session endpoint exists", async ({ request }) => {
        at /Users/amaan/Downloads/servio-mvp-cleaned/__tests__/e2e/stripe-webhooks.spec.ts:32:34

    attachment #1: trace (application/zip) ─────────────────────────────────────────────────────────
    ../../test-results/stripe-webhooks-Stripe-Web-dd1c9-onciliation-endpoint-exists-Mobile-Chrome-retry1/trace.zip
    Usage:

        pnpm exec playwright show-trace ../../test-results/stripe-webhooks-Stripe-Web-dd1c9-onciliation-endpoint-exists-Mobile-Chrome-retry1/trace.zip

    ────────────────────────────────────────────────────────────────────────────────────────────────

    Retry #2 ───────────────────────────────────────────────────────────────────────────────────────

    Error: expect(received).toContain(expected) // indexOf

    Expected value: 400
    Received array: [200, 401, 403, 500]

      30 |
      31 |     // Should respond (may require proper auth in production)
    > 32 |     expect([200, 401, 403, 500]).toContain(response.status());
         |                                  ^
      33 |   });
      34 |
      35 |   test("checkout session endpoint exists", async ({ request }) => {
        at /Users/amaan/Downloads/servio-mvp-cleaned/__tests__/e2e/stripe-webhooks.spec.ts:32:34
]]>
</failure>
<system-out>
<![CDATA[
[[ATTACHMENT|stripe-webhooks-Stripe-Web-dd1c9-onciliation-endpoint-exists-Mobile-Chrome-retry1/trace.zip]]
]]>
</system-out>
</testcase>
<testcase name="Stripe Webhook Infrastructure › checkout session endpoint exists" classname="stripe-webhooks.spec.ts" time="0.271">
</testcase>
<testcase name="Stripe Webhook Infrastructure › create checkout session endpoint exists" classname="stripe-webhooks.spec.ts" time="0.894">
</testcase>
<testcase name="Stripe Webhook Infrastructure › webhook events are stored in database" classname="stripe-webhooks.spec.ts" time="0.042">
</testcase>
<testcase name="Payment Flow Integration › customer payment flow works end-to-end" classname="stripe-webhooks.spec.ts" time="0.009">
<failure message="stripe-webhooks.spec.ts:85:7 customer payment flow works end-to-end" type="FAILURE">
<![CDATA[  [Mobile Chrome] › stripe-webhooks.spec.ts:85:7 › Payment Flow Integration › customer payment flow works end-to-end 

    Error: browserType.launch: Executable doesn't exist at /Users/amaan/Library/Caches/ms-playwright/chromium_headless_shell-1194/chrome-mac/headless_shell
    ╔═════════════════════════════════════════════════════════════════════════╗
    ║ Looks like Playwright Test or Playwright was just installed or updated. ║
    ║ Please run the following command to download new browsers:              ║
    ║                                                                         ║
    ║     pnpm exec playwright install                                        ║
    ║                                                                         ║
    ║ <3 Playwright Team                                                      ║
    ╚═════════════════════════════════════════════════════════════════════════╝

    Retry #1 ───────────────────────────────────────────────────────────────────────────────────────

    Error: browserType.launch: Executable doesn't exist at /Users/amaan/Library/Caches/ms-playwright/chromium_headless_shell-1194/chrome-mac/headless_shell
    ╔═════════════════════════════════════════════════════════════════════════╗
    ║ Looks like Playwright Test or Playwright was just installed or updated. ║
    ║ Please run the following command to download new browsers:              ║
    ║                                                                         ║
    ║     pnpm exec playwright install                                        ║
    ║                                                                         ║
    ║ <3 Playwright Team                                                      ║
    ╚═════════════════════════════════════════════════════════════════════════╝

    attachment #1: trace (application/zip) ─────────────────────────────────────────────────────────
    ../../test-results/stripe-webhooks-Payment-Fl-21173-yment-flow-works-end-to-end-Mobile-Chrome-retry1/trace.zip
    Usage:

        pnpm exec playwright show-trace ../../test-results/stripe-webhooks-Payment-Fl-21173-yment-flow-works-end-to-end-Mobile-Chrome-retry1/trace.zip

    ────────────────────────────────────────────────────────────────────────────────────────────────

    Retry #2 ───────────────────────────────────────────────────────────────────────────────────────

    Error: browserType.launch: Executable doesn't exist at /Users/amaan/Library/Caches/ms-playwright/chromium_headless_shell-1194/chrome-mac/headless_shell
    ╔═════════════════════════════════════════════════════════════════════════╗
    ║ Looks like Playwright Test or Playwright was just installed or updated. ║
    ║ Please run the following command to download new browsers:              ║
    ║                                                                         ║
    ║     pnpm exec playwright install                                        ║
    ║                                                                         ║
    ║ <3 Playwright Team                                                      ║
    ╚═════════════════════════════════════════════════════════════════════════╝
]]>
</failure>
<system-out>
<![CDATA[
[[ATTACHMENT|stripe-webhooks-Payment-Fl-21173-yment-flow-works-end-to-end-Mobile-Chrome-retry1/trace.zip]]
]]>
</system-out>
</testcase>
<testcase name="Payment Flow Integration › dashboard shows payment status correctly" classname="stripe-webhooks.spec.ts" time="0.004">
<failure message="stripe-webhooks.spec.ts:100:7 dashboard shows payment status correctly" type="FAILURE">
<![CDATA[  [Mobile Chrome] › stripe-webhooks.spec.ts:100:7 › Payment Flow Integration › dashboard shows payment status correctly 

    Error: browserType.launch: Executable doesn't exist at /Users/amaan/Library/Caches/ms-playwright/chromium_headless_shell-1194/chrome-mac/headless_shell
    ╔═════════════════════════════════════════════════════════════════════════╗
    ║ Looks like Playwright Test or Playwright was just installed or updated. ║
    ║ Please run the following command to download new browsers:              ║
    ║                                                                         ║
    ║     pnpm exec playwright install                                        ║
    ║                                                                         ║
    ║ <3 Playwright Team                                                      ║
    ╚═════════════════════════════════════════════════════════════════════════╝

    Retry #1 ───────────────────────────────────────────────────────────────────────────────────────

    Error: browserType.launch: Executable doesn't exist at /Users/amaan/Library/Caches/ms-playwright/chromium_headless_shell-1194/chrome-mac/headless_shell
    ╔═════════════════════════════════════════════════════════════════════════╗
    ║ Looks like Playwright Test or Playwright was just installed or updated. ║
    ║ Please run the following command to download new browsers:              ║
    ║                                                                         ║
    ║     pnpm exec playwright install                                        ║
    ║                                                                         ║
    ║ <3 Playwright Team                                                      ║
    ╚═════════════════════════════════════════════════════════════════════════╝

    attachment #1: trace (application/zip) ─────────────────────────────────────────────────────────
    ../../test-results/stripe-webhooks-Payment-Fl-faaea-ws-payment-status-correctly-Mobile-Chrome-retry1/trace.zip
    Usage:

        pnpm exec playwright show-trace ../../test-results/stripe-webhooks-Payment-Fl-faaea-ws-payment-status-correctly-Mobile-Chrome-retry1/trace.zip

    ────────────────────────────────────────────────────────────────────────────────────────────────

    Retry #2 ───────────────────────────────────────────────────────────────────────────────────────

    Error: browserType.launch: Executable doesn't exist at /Users/amaan/Library/Caches/ms-playwright/chromium_headless_shell-1194/chrome-mac/headless_shell
    ╔═════════════════════════════════════════════════════════════════════════╗
    ║ Looks like Playwright Test or Playwright was just installed or updated. ║
    ║ Please run the following command to download new browsers:              ║
    ║                                                                         ║
    ║     pnpm exec playwright install                                        ║
    ║                                                                         ║
    ║ <3 Playwright Team                                                      ║
    ╚═════════════════════════════════════════════════════════════════════════╝
]]>
</failure>
<system-out>
<![CDATA[
[[ATTACHMENT|stripe-webhooks-Payment-Fl-faaea-ws-payment-status-correctly-Mobile-Chrome-retry1/trace.zip]]
]]>
</system-out>
</testcase>
</testsuite>
<testsuite name="stripe-webhooks.spec.ts" timestamp="2025-12-11T14:38:40.730Z" hostname="Mobile Safari" tests="7" failures="3" skipped="0" time="1.678" errors="0">
<testcase name="Stripe Webhook Infrastructure › webhook endpoint exists and responds" classname="stripe-webhooks.spec.ts" time="0.057">
</testcase>
<testcase name="Stripe Webhook Infrastructure › webhook reconciliation endpoint exists" classname="stripe-webhooks.spec.ts" time="0.421">
<failure message="stripe-webhooks.spec.ts:21:7 webhook reconciliation endpoint exists" type="FAILURE">
<![CDATA[  [Mobile Safari] › stripe-webhooks.spec.ts:21:7 › Stripe Webhook Infrastructure › webhook reconciliation endpoint exists 

    Error: expect(received).toContain(expected) // indexOf

    Expected value: 400
    Received array: [200, 401, 403, 500]

      30 |
      31 |     // Should respond (may require proper auth in production)
    > 32 |     expect([200, 401, 403, 500]).toContain(response.status());
         |                                  ^
      33 |   });
      34 |
      35 |   test("checkout session endpoint exists", async ({ request }) => {
        at /Users/amaan/Downloads/servio-mvp-cleaned/__tests__/e2e/stripe-webhooks.spec.ts:32:34

    Retry #1 ───────────────────────────────────────────────────────────────────────────────────────

    Error: expect(received).toContain(expected) // indexOf

    Expected value: 400
    Received array: [200, 401, 403, 500]

      30 |
      31 |     // Should respond (may require proper auth in production)
    > 32 |     expect([200, 401, 403, 500]).toContain(response.status());
         |                                  ^
      33 |   });
      34 |
      35 |   test("checkout session endpoint exists", async ({ request }) => {
        at /Users/amaan/Downloads/servio-mvp-cleaned/__tests__/e2e/stripe-webhooks.spec.ts:32:34

    attachment #1: trace (application/zip) ─────────────────────────────────────────────────────────
    ../../test-results/stripe-webhooks-Stripe-Web-dd1c9-onciliation-endpoint-exists-Mobile-Safari-retry1/trace.zip
    Usage:

        pnpm exec playwright show-trace ../../test-results/stripe-webhooks-Stripe-Web-dd1c9-onciliation-endpoint-exists-Mobile-Safari-retry1/trace.zip

    ────────────────────────────────────────────────────────────────────────────────────────────────

    Retry #2 ───────────────────────────────────────────────────────────────────────────────────────

    Error: expect(received).toContain(expected) // indexOf

    Expected value: 400
    Received array: [200, 401, 403, 500]

      30 |
      31 |     // Should respond (may require proper auth in production)
    > 32 |     expect([200, 401, 403, 500]).toContain(response.status());
         |                                  ^
      33 |   });
      34 |
      35 |   test("checkout session endpoint exists", async ({ request }) => {
        at /Users/amaan/Downloads/servio-mvp-cleaned/__tests__/e2e/stripe-webhooks.spec.ts:32:34
]]>
</failure>
<system-out>
<![CDATA[
[[ATTACHMENT|stripe-webhooks-Stripe-Web-dd1c9-onciliation-endpoint-exists-Mobile-Safari-retry1/trace.zip]]
]]>
</system-out>
</testcase>
<testcase name="Stripe Webhook Infrastructure › checkout session endpoint exists" classname="stripe-webhooks.spec.ts" time="0.26">
</testcase>
<testcase name="Stripe Webhook Infrastructure › create checkout session endpoint exists" classname="stripe-webhooks.spec.ts" time="0.87">
</testcase>
<testcase name="Stripe Webhook Infrastructure › webhook events are stored in database" classname="stripe-webhooks.spec.ts" time="0.062">
</testcase>
<testcase name="Payment Flow Integration › customer payment flow works end-to-end" classname="stripe-webhooks.spec.ts" time="0.004">
<failure message="stripe-webhooks.spec.ts:85:7 customer payment flow works end-to-end" type="FAILURE">
<![CDATA[  [Mobile Safari] › stripe-webhooks.spec.ts:85:7 › Payment Flow Integration › customer payment flow works end-to-end 

    Error: browserType.launch: Executable doesn't exist at /Users/amaan/Library/Caches/ms-playwright/webkit-2215/pw_run.sh
    ╔═════════════════════════════════════════════════════════════════════════╗
    ║ Looks like Playwright Test or Playwright was just installed or updated. ║
    ║ Please run the following command to download new browsers:              ║
    ║                                                                         ║
    ║     pnpm exec playwright install                                        ║
    ║                                                                         ║
    ║ <3 Playwright Team                                                      ║
    ╚═════════════════════════════════════════════════════════════════════════╝

    Retry #1 ───────────────────────────────────────────────────────────────────────────────────────

    Error: browserType.launch: Executable doesn't exist at /Users/amaan/Library/Caches/ms-playwright/webkit-2215/pw_run.sh
    ╔═════════════════════════════════════════════════════════════════════════╗
    ║ Looks like Playwright Test or Playwright was just installed or updated. ║
    ║ Please run the following command to download new browsers:              ║
    ║                                                                         ║
    ║     pnpm exec playwright install                                        ║
    ║                                                                         ║
    ║ <3 Playwright Team                                                      ║
    ╚═════════════════════════════════════════════════════════════════════════╝

    attachment #1: trace (application/zip) ─────────────────────────────────────────────────────────
    ../../test-results/stripe-webhooks-Payment-Fl-21173-yment-flow-works-end-to-end-Mobile-Safari-retry1/trace.zip
    Usage:

        pnpm exec playwright show-trace ../../test-results/stripe-webhooks-Payment-Fl-21173-yment-flow-works-end-to-end-Mobile-Safari-retry1/trace.zip

    ────────────────────────────────────────────────────────────────────────────────────────────────

    Retry #2 ───────────────────────────────────────────────────────────────────────────────────────

    Error: browserType.launch: Executable doesn't exist at /Users/amaan/Library/Caches/ms-playwright/webkit-2215/pw_run.sh
    ╔═════════════════════════════════════════════════════════════════════════╗
    ║ Looks like Playwright Test or Playwright was just installed or updated. ║
    ║ Please run the following command to download new browsers:              ║
    ║                                                                         ║
    ║     pnpm exec playwright install                                        ║
    ║                                                                         ║
    ║ <3 Playwright Team                                                      ║
    ╚═════════════════════════════════════════════════════════════════════════╝
]]>
</failure>
<system-out>
<![CDATA[
[[ATTACHMENT|stripe-webhooks-Payment-Fl-21173-yment-flow-works-end-to-end-Mobile-Safari-retry1/trace.zip]]
]]>
</system-out>
</testcase>
<testcase name="Payment Flow Integration › dashboard shows payment status correctly" classname="stripe-webhooks.spec.ts" time="0.004">
<failure message="stripe-webhooks.spec.ts:100:7 dashboard shows payment status correctly" type="FAILURE">
<![CDATA[  [Mobile Safari] › stripe-webhooks.spec.ts:100:7 › Payment Flow Integration › dashboard shows payment status correctly 

    Error: browserType.launch: Executable doesn't exist at /Users/amaan/Library/Caches/ms-playwright/webkit-2215/pw_run.sh
    ╔═════════════════════════════════════════════════════════════════════════╗
    ║ Looks like Playwright Test or Playwright was just installed or updated. ║
    ║ Please run the following command to download new browsers:              ║
    ║                                                                         ║
    ║     pnpm exec playwright install                                        ║
    ║                                                                         ║
    ║ <3 Playwright Team                                                      ║
    ╚═════════════════════════════════════════════════════════════════════════╝

    Retry #1 ───────────────────────────────────────────────────────────────────────────────────────

    Error: browserType.launch: Executable doesn't exist at /Users/amaan/Library/Caches/ms-playwright/webkit-2215/pw_run.sh
    ╔═════════════════════════════════════════════════════════════════════════╗
    ║ Looks like Playwright Test or Playwright was just installed or updated. ║
    ║ Please run the following command to download new browsers:              ║
    ║                                                                         ║
    ║     pnpm exec playwright install                                        ║
    ║                                                                         ║
    ║ <3 Playwright Team                                                      ║
    ╚═════════════════════════════════════════════════════════════════════════╝

    attachment #1: trace (application/zip) ─────────────────────────────────────────────────────────
    ../../test-results/stripe-webhooks-Payment-Fl-faaea-ws-payment-status-correctly-Mobile-Safari-retry1/trace.zip
    Usage:

        pnpm exec playwright show-trace ../../test-results/stripe-webhooks-Payment-Fl-faaea-ws-payment-status-correctly-Mobile-Safari-retry1/trace.zip

    ────────────────────────────────────────────────────────────────────────────────────────────────

    Retry #2 ───────────────────────────────────────────────────────────────────────────────────────

    Error: browserType.launch: Executable doesn't exist at /Users/amaan/Library/Caches/ms-playwright/webkit-2215/pw_run.sh
    ╔═════════════════════════════════════════════════════════════════════════╗
    ║ Looks like Playwright Test or Playwright was just installed or updated. ║
    ║ Please run the following command to download new browsers:              ║
    ║                                                                         ║
    ║     pnpm exec playwright install                                        ║
    ║                                                                         ║
    ║ <3 Playwright Team                                                      ║
    ╚═════════════════════════════════════════════════════════════════════════╝
]]>
</failure>
<system-out>
<![CDATA[
[[ATTACHMENT|stripe-webhooks-Payment-Fl-faaea-ws-payment-status-correctly-Mobile-Safari-retry1/trace.zip]]
]]>
</system-out>
</testcase>
</testsuite>
</testsuites>